import time: self [us] | cumulative | imported package
import time:       148 |        148 | winreg
import time:       267 |        267 |   _io
import time:        48 |         48 |   marshal
import time:       228 |        228 |   nt
import time:       960 |       1502 | _frozen_importlib_external
import time:       844 |        844 |   time
import time:       348 |       1192 | zipimport
import time:        99 |         99 |     _codecs
import time:      1066 |       1165 |   codecs
import time:      4403 |       4403 |   encodings.aliases
import time:      2006 |       2006 |   encodings._win_cp_codecs
import time:      2779 |      10351 | encodings
import time:      1005 |       1005 | encodings.utf_8
import time:       954 |        954 | encodings.cp1252
import time:        87 |         87 | _signal
import time:        52 |         52 |       _abc
import time:       229 |        281 |     abc
import time:        72 |         72 |       _stat
import time:       207 |        278 |     stat
import time:      1196 |       1196 |     _collections_abc
import time:       122 |        122 |       genericpath
import time:       128 |        128 |       _winapi
import time:       334 |        584 |     ntpath
import time:       671 |       3009 |   os
import time:       148 |        148 |   _sitebuiltins
import time:        79 |         79 |   errno
import time:      7685 |       7685 |   encodings.utf_8_sig
import time:       121 |        121 |     _types
import time:      2216 |       2337 |   types
import time:      4878 |       4878 |     importlib
import time:      7784 |       7784 |     importlib._abc
import time:      1681 |      14342 |   importlib.util
import time:       124 |        124 |   importlib.machinery
import time:       735 |        735 |   sitecustomize
import time:      6234 |      34691 | site
import time:      1481 |       1481 | linecache
import time:        68 |         68 |       _contextvars
import time:      1291 |       1359 |     _py_warnings
import time:       951 |       2309 |   warnings
import time:      2038 |       2038 |     __future__
import time:       349 |        349 |       io
import time:      2461 |       2461 |         enum
import time:       265 |        265 |           _sre
import time:      1468 |       1468 |             re._constants
import time:      2022 |       3490 |           re._parser
import time:      1332 |       1332 |           re._casefix
import time:      1936 |       7021 |         re._compiler
import time:       219 |        219 |             itertools
import time:      1172 |       1172 |             keyword
import time:       161 |        161 |               _operator
import time:      1273 |       1433 |             operator
import time:      1043 |       1043 |             reprlib
import time:       133 |        133 |             _collections
import time:      3613 |       7611 |           collections
import time:       146 |        146 |           _functools
import time:      3987 |      11743 |         functools
import time:      1452 |       1452 |         copyreg
import time:      1985 |      24660 |       re
import time:      4479 |       4479 |         textwrap
import time:      1455 |       1455 |         codeop
import time:      1657 |       1657 |           token
import time:       134 |        134 |           _tokenize
import time:      2555 |       4345 |         tokenize
import time:      8041 |       8041 |                 _weakrefset
import time:      2040 |      10080 |               weakref
import time:      1645 |      11725 |             copy
import time:       193 |        193 |                   _ast
import time:      1794 |       1986 |                 ast
import time:      2599 |       4584 |               annotationlib
import time:       110 |        110 |                   _opcode
import time:      1313 |       1313 |                   _opcode_metadata
import time:      1975 |       3396 |                 opcode
import time:      5899 |       9294 |               dis
import time:      6058 |      19935 |             inspect
import time:      2533 |      34193 |           dataclasses
import time:     12217 |      46410 |         _colorize
import time:      2532 |       2532 |         contextlib
import time:      2495 |      61713 |       traceback
import time:       105 |        105 |         _string
import time:      2198 |       2303 |       string
import time:      2884 |       2884 |       threading
import time:       119 |        119 |       atexit
import time:      4311 |      96336 |     logging
import time:       158 |        158 |       _typing
import time:     20459 |      20616 |     typing
import time:      6636 |       6636 |         _socket
import time:      3163 |       9799 |       socket
import time:      3092 |       3092 |         email
import time:      2310 |       5402 |       email.errors
import time:      2518 |       2518 |         http
import time:       184 |        184 |                 binascii
import time:      1338 |       1338 |                 email.quoprimime
import time:       198 |        198 |                       _struct
import time:      1738 |       1936 |                     struct
import time:      2878 |       4814 |                   base64
import time:      1035 |       5848 |                 email.base64mime
import time:      1556 |       1556 |                     quopri
import time:      1125 |       2681 |                   email.encoders
import time:      1283 |       3964 |                 email.charset
import time:      2047 |      13380 |               email.header
import time:       131 |        131 |                   _datetime
import time:      1255 |       1386 |                 datetime
import time:      1302 |       1302 |                   urllib
import time:       163 |        163 |                   math
import time:      6335 |       6335 |                   ipaddress
import time:      3398 |      11196 |                 urllib.parse
import time:      1579 |       1579 |                 email._parseaddr
import time:      1915 |      16075 |               email.utils
import time:      1302 |      30756 |             email._policybase
import time:      1929 |      32685 |           email.feedparser
import time:      1067 |      33751 |         email.parser
import time:      1890 |       1890 |           email._encoded_words
import time:      1000 |       1000 |           email.iterators
import time:      2796 |       5686 |         email.message
import time:      4384 |       4384 |           _ssl
import time:      6090 |      10473 |         ssl
import time:      2771 |      55196 |       http.client
import time:      2829 |      73224 |     urllib3.exceptions
import time:      1309 |       1309 |             urllib3.util.timeout
import time:      3883 |       5192 |           urllib3.util.connection
import time:      1070 |       1070 |             urllib3.util.util
import time:      1019 |       1019 |             brotlicffi
import time:       470 |        470 |             brotli
import time:      1021 |       1021 |             compression
import time:      1808 |       1808 |               _zstd
import time:      1302 |       1302 |                 compression._common
import time:      2634 |       2634 |                 compression._common._streams
import time:      1817 |       5753 |               compression.zstd._zstdfile
import time:      2862 |      10422 |             compression.zstd
import time:      3091 |      17091 |           urllib3.util.request
import time:      1807 |       1807 |           urllib3.util.response
import time:       147 |        147 |                 _bisect
import time:      1569 |       1715 |               bisect
import time:        91 |         91 |               _random
import time:      1708 |       3514 |             random
import time:      2273 |       5787 |           urllib3.util.retry
import time:      2735 |       2735 |               _hashlib
import time:       121 |        121 |               _blake2
import time:      2391 |       5245 |             hashlib
import time:       264 |        264 |               _hmac
import time:      2333 |       2597 |             hmac
import time:      8197 |       8197 |             urllib3.util.url
import time:      1463 |       1463 |             urllib3.util.ssltransport
import time:      2197 |      19696 |           urllib3.util.ssl_
import time:      1564 |       1564 |             select
import time:      1051 |       2614 |           urllib3.util.wait
import time:      1086 |      53271 |         urllib3.util
import time:        58 |      53328 |       urllib3.util.connection
import time:      2130 |      55458 |     urllib3._base_connection
import time:      3094 |       3094 |     urllib3._collections
import time:      1383 |       1383 |     urllib3._version
import time:        94 |         94 |           _heapq
import time:      1231 |       1325 |         heapq
import time:      1840 |       1840 |         _queue
import time:      1578 |       4742 |       queue
import time:        84 |         84 |               _json
import time:       973 |       1057 |             json.scanner
import time:      1270 |       2326 |           json.decoder
import time:      1997 |       1997 |           json.encoder
import time:      1133 |       5456 |         json
import time:      1178 |       1178 |             mimetypes
import time:      1224 |       2402 |           urllib3.fields
import time:      1952 |       4354 |         urllib3.filepost
import time:       160 |        160 |           zlib
import time:       678 |        678 |           brotlicffi
import time:       455 |        455 |           brotli
import time:       411 |        411 |                     posix
import time:       349 |        349 |                     posix
import time:       239 |        998 |                   posixpath
import time:      2404 |       2404 |                     fnmatch
import time:      3517 |       5920 |                   glob
import time:       607 |        607 |                   pwd
import time:       379 |        379 |                   grp
import time:       496 |        496 |                     fcntl
import time:       486 |        486 |                     posix
import time:      1886 |       2867 |                   pathlib._os
import time:      1859 |      12628 |                 pathlib
import time:      1368 |       1368 |                       _bz2
import time:       917 |       2284 |                     bz2
import time:      1442 |       1442 |                       _lzma
import time:      1171 |       2612 |                     lzma
import time:      2902 |       7797 |                   shutil
import time:      1081 |       1081 |                     zipfile._path.glob
import time:      2826 |       3907 |                   zipfile._path
import time:      3264 |      14967 |                 zipfile
import time:      1395 |       1395 |                 importlib.metadata._meta
import time:      1106 |       1106 |                 importlib.metadata._collections
import time:       849 |        849 |                 importlib.metadata._functools
import time:       900 |        900 |                 importlib.metadata._itertools
import time:      1125 |       1125 |                 importlib.abc
import time:      2201 |      35167 |               importlib.metadata
import time:       856 |      36023 |             urllib3.http2
import time:      1048 |       1048 |             urllib3.http2.probe
import time:       757 |        757 |             urllib3.util.ssl_match_hostname
import time:      1779 |      39606 |           urllib3.connection
import time:      2248 |      43145 |         urllib3.response
import time:      1902 |      54856 |       urllib3._request_methods
import time:       774 |        774 |       urllib3.util.proxy
import time:      1949 |      62320 |     urllib3.connectionpool
import time:      3823 |       3823 |     urllib3.poolmanager
import time:      3031 |     321320 |   urllib3
import time:      1697 |       1697 |           81d243bd2c585b0f4821__mypyc
import time:      2746 |       2746 |           charset_normalizer.constant
import time:      3712 |       3712 |             unicodedata
import time:       222 |        222 |             _multibytecodec
import time:      1707 |       5640 |           charset_normalizer.utils
import time:      2420 |       2420 |           charset_normalizer.models
import time:      2307 |      14809 |         charset_normalizer.cd
import time:        77 |         77 |         _codecs_tw
import time:        70 |         70 |         _codecs_hk
import time:        72 |         72 |         _codecs_jp
import time:        88 |         88 |         _codecs_kr
import time:        72 |         72 |         _codecs_cn
import time:        73 |         73 |         _codecs_iso2022
import time:    189399 |     204656 |       charset_normalizer.api
import time:      1171 |       1171 |       charset_normalizer.legacy
import time:       999 |        999 |       charset_normalizer.version
import time:       445 |        445 |       simplejson
import time:      1591 |       1591 |           tempfile
import time:       984 |        984 |             urllib.response
import time:      1137 |       2121 |           urllib.error
import time:      3477 |       7188 |         urllib.request
import time:       130 |        130 |             _locale
import time:      1843 |       1973 |           locale
import time:      2655 |       4627 |         calendar
import time:      6841 |      18654 |       http.cookiejar
import time:      3884 |       3884 |       http.cookies
import time:      3678 |     233485 |     requests.compat
import time:      2091 |     235575 |   requests.exceptions
import time:       561 |        561 |   chardet
import time:      1412 |       1412 |         idna.idnadata
import time:       933 |        933 |         idna.intranges
import time:      2449 |       4793 |       idna.core
import time:      1429 |       1429 |       idna.package_data
import time:      1366 |       7588 |     idna
import time:      1747 |       9334 |   requests.packages
import time:      1514 |       1514 |               importlib.resources.abc
import time:      1680 |       3193 |             importlib.resources._common
import time:      3681 |       3681 |             importlib.resources._functional
import time:      1170 |       8043 |           importlib.resources
import time:      2021 |      10064 |         certifi.core
import time:      1352 |      11416 |       certifi
import time:      1170 |      12586 |     requests.certs
import time:      6070 |       6070 |     requests.__version__
import time:      2120 |       2120 |     requests._internal_utils
import time:      1776 |       1776 |     requests.cookies
import time:      1480 |       1480 |     requests.structures
import time:      1624 |       1624 |     importlib.resources._adapters
import time:      1423 |       1423 |         importlib.resources._itertools
import time:      3292 |       4714 |       importlib.resources.readers
import time:      1300 |       6013 |     importlib.readers
import time:      4991 |      36657 |   requests.utils
import time:      1780 |       1780 |         requests.auth
import time:      1270 |       1270 |             stringprep
import time:      1088 |       2357 |           encodings.idna
import time:      1120 |       1120 |           requests.hooks
import time:      1584 |       1584 |           requests.status_codes
import time:      1647 |       6706 |         requests.models
import time:      5927 |       5927 |           urllib3.contrib
import time:       470 |        470 |           socks
import time:      1650 |       8046 |         urllib3.contrib.socks
import time:      1847 |      18377 |       requests.adapters
import time:      1491 |      19868 |     requests.sessions
import time:      1628 |      21496 |   requests.api
import time:      1685 |     628934 | requests
import time:      1563 |       1563 | firebase_functions
import time:      1249 |       1249 |     cloudevents
import time:       973 |        973 |         cloudevents.exceptions
import time:      2234 |       2234 |           cloudevents.abstract.event
import time:      3079 |       5312 |         cloudevents.abstract
import time:      1398 |       1398 |         cloudevents.sdk
import time:       983 |        983 |             cloudevents.sdk.exceptions
import time:      1170 |       1170 |             cloudevents.sdk.types
import time:       827 |        827 |               cloudevents.sdk.event
import time:      1540 |       1540 |               cloudevents.sdk.event.base
import time:      1082 |       3448 |             cloudevents.sdk.converters.base
import time:       900 |        900 |             cloudevents.sdk.converters.util
import time:      3601 |       3601 |               cloudevents.sdk.event.opt
import time:      1061 |       4661 |             cloudevents.sdk.event.v1
import time:      1590 |       1590 |             cloudevents.sdk.event.v03
import time:      1260 |      14010 |           cloudevents.sdk.converters.binary
import time:      1243 |       1243 |           cloudevents.sdk.converters.structured
import time:      1336 |      16588 |         cloudevents.sdk.converters
import time:       963 |        963 |         cloudevents.sdk.marshaller
import time:       947 |      26177 |       cloudevents.conversion
import time:      1997 |       1997 |           _uuid
import time:      2384 |       4380 |         uuid
import time:      1157 |       5537 |       cloudevents.http.event
import time:      1130 |      32843 |     cloudevents.http.conversion
import time:      1102 |       1102 |         packaging
import time:      1159 |       1159 |           packaging._structures
import time:      5988 |       7147 |         packaging.version
import time:      1310 |       9558 |       deprecation
import time:       969 |      10527 |     cloudevents.http.event_type
import time:      1426 |       1426 |     cloudevents.http.http_methods
import time:      1063 |       1063 |     cloudevents.http.json_methods
import time:      1276 |      48381 |   cloudevents.http
import time:      1117 |       1117 |     google.cloud.firestore_v1.gapic_version
import time:      1989 |       1989 |             google.protobuf
import time:      1105 |       1105 |                 google.protobuf.internal
import time:       183 |        183 |                   google.protobuf.internal._api_implementation
import time:      1436 |       1436 |                   google.protobuf.message
import time:      1189 |       1189 |                   google.protobuf.internal.enum_type_wrapper
import time:       196 |        196 |                   google.protobuf.enable_deterministic_proto_serialization
import time:      3802 |       6805 |                 google.protobuf.internal.api_implementation
import time:      1718 |       9627 |               google.protobuf.descriptor
import time:      2023 |       2023 |                 google.protobuf.descriptor_database
import time:      2066 |       2066 |                 google.protobuf.text_encoding
import time:       920 |        920 |                 google.protobuf.internal.python_edition_defaults
import time:      1447 |       1447 |                     encodings.raw_unicode_escape
import time:      1397 |       1397 |                     encodings.unicode_escape
import time:      1222 |       1222 |                       numbers
import time:      1486 |       1486 |                           _compat_pickle
import time:       277 |        277 |                           _pickle
import time:      2618 |       4380 |                         pickle
import time:      8022 |      12401 |                       google.protobuf.internal.containers
import time:      1117 |       1117 |                         google.protobuf.internal.wire_format
import time:      1284 |       2401 |                       google.protobuf.internal.encoder
import time:      1314 |      17336 |                     google.protobuf.internal.decoder
import time:      1906 |       1906 |                     google.protobuf.internal.type_checkers
import time:      1604 |       1604 |                     google.protobuf.unknown_fields
import time:      2636 |      26323 |                   google.protobuf.text_format
import time:      3876 |       3876 |                   google.protobuf.internal.extension_dict
import time:      1155 |       1155 |                   google.protobuf.internal.message_listener
import time:      1163 |       1163 |                     google.protobuf.internal.field_mask
import time:      1425 |       2588 |                   google.protobuf.internal.well_known_types
import time:      1753 |      35694 |                 google.protobuf.internal.python_message
import time:      1412 |      42112 |               google.protobuf.descriptor_pool
import time:      1393 |       1393 |               google.protobuf.runtime_version
import time:       813 |        813 |                   google.protobuf.pyext
import time:      1286 |       1286 |                   google.protobuf.pyext.cpp_message
import time:       812 |       2910 |                 google.protobuf.message_factory
import time:      1022 |       3931 |               google.protobuf.symbol_database
import time:       702 |        702 |                 google.protobuf.reflection
import time:       884 |       1585 |               google.protobuf.internal.builder
import time:      3777 |      62423 |             google.protobuf.descriptor_pb2
import time:       886 |        886 |                       google.protobuf.duration_pb2
import time:       989 |        989 |                       google.protobuf.timestamp_pb2
import time:       877 |        877 |                       google.protobuf.field_mask_pb2
import time:      1110 |       1110 |                       google.protobuf.struct_pb2
import time:      1098 |       1098 |                       google.protobuf.wrappers_pb2
import time:       213 |        213 |                         google.protobuf.pyext._message
import time:      2022 |       2234 |                       proto.marshal.compat
import time:       686 |        686 |                           proto.utils
import time:      1332 |       2018 |                         proto.marshal.collections.maps
import time:      3638 |       3638 |                         proto.marshal.collections.repeated
import time:      1258 |       6913 |                       proto.marshal.collections
import time:      2004 |       2004 |                       proto.marshal.rules
import time:      1131 |       1131 |                       proto.marshal.rules.bytes
import time:      1070 |       1070 |                         proto.primitives
import time:       925 |       1994 |                       proto.marshal.rules.stringy_numbers
import time:      1290 |       1290 |                         proto.datetime_helpers
import time:       883 |       2173 |                       proto.marshal.rules.dates
import time:       971 |        971 |                       proto.marshal.rules.struct
import time:       967 |        967 |                       proto.marshal.rules.wrappers
import time:       838 |        838 |                       proto.marshal.rules.field_mask
import time:      2297 |      26474 |                     proto.marshal.marshal
import time:      4127 |      30601 |                   proto.marshal
import time:        54 |      30655 |                 proto.marshal.rules
import time:       858 |      31512 |               proto.marshal.rules.message
import time:      1346 |      32858 |             proto._file_info
import time:       776 |        776 |             proto._package_info
import time:       720 |        720 |             proto.marshal.rules.enums
import time:      4039 |     102802 |           proto.enums
import time:      1815 |       1815 |           proto.fields
import time:      1698 |       1698 |             google.protobuf.json_format
import time:      1622 |       3319 |           proto.message
import time:      1061 |       1061 |           proto.modules
import time:       884 |        884 |           proto.version
import time:      1289 |     111169 |         proto
import time:       393 |        393 |             google.type
import time:      1199 |       1591 |           google.type.latlng_pb2
import time:      2732 |       4323 |         google.cloud.firestore_v1.types.document
import time:      1519 |     117010 |       google.cloud.firestore_v1.types.aggregation_result
import time:      1240 |       1240 |       google.cloud.firestore_v1.types.bloom_filter
import time:      1900 |       1900 |       google.cloud.firestore_v1.types.common
import time:      1729 |       1729 |         google.protobuf.any_pb2
import time:      2774 |       4502 |       google.cloud.firestore_v1.types.explain_stats
import time:       486 |        486 |           google.rpc
import time:      1195 |       1681 |         google.rpc.status_pb2
import time:      1216 |       1216 |         google.cloud.firestore_v1.types.pipeline
import time:      1436 |       1436 |         google.cloud.firestore_v1.types.query_profile
import time:      2302 |       2302 |         google.cloud.firestore_v1.types.write
import time:      6106 |       6106 |         google.cloud.firestore_v1.types.query
import time:      7387 |      20125 |       google.cloud.firestore_v1.types.firestore
import time:      2293 |     147068 |     google.cloud.firestore_v1.types
import time:       948 |        948 |           grpc._cython
import time:      1026 |       1026 |                   concurrent
import time:      8494 |       8494 |                   concurrent.futures._base
import time:       132 |        132 |                   _interpreters
import time:      1817 |      11468 |                 concurrent.futures
import time:      1285 |       1285 |                   signal
import time:       445 |        445 |                   fcntl
import time:        85 |         85 |                   msvcrt
import time:      1950 |       3764 |                 subprocess
import time:      1285 |       1285 |                 asyncio.constants
import time:      1807 |       1807 |                 asyncio.coroutines
import time:      1539 |       1539 |                   contextvars
import time:      2422 |       2422 |                   asyncio.format_helpers
import time:      1507 |       1507 |                     asyncio.base_futures
import time:      1431 |       1431 |                     asyncio.exceptions
import time:      1819 |       1819 |                     asyncio.base_tasks
import time:      1708 |       6464 |                   _asyncio
import time:      8831 |      19254 |                 asyncio.events
import time:      6889 |       6889 |                 asyncio.futures
import time:      1797 |       1797 |                 asyncio.protocols
import time:      4316 |       4316 |                   asyncio.transports
import time:      1163 |       1163 |                   asyncio.log
import time:      8444 |      13923 |                 asyncio.sslproto
import time:      1095 |       1095 |                     asyncio.mixins
import time:      6209 |       7304 |                   asyncio.locks
import time:      3756 |       3756 |                     asyncio.queues
import time:      4439 |       4439 |                     asyncio.timeouts
import time:     13239 |      21434 |                   asyncio.tasks
import time:      2414 |      31151 |                 asyncio.staggered
import time:      2768 |       2768 |                 asyncio.trsock
import time:     36031 |     130133 |               asyncio.base_events
import time:      5134 |       5134 |               asyncio.graph
import time:      3227 |       3227 |               asyncio.runners
import time:      8817 |       8817 |               asyncio.streams
import time:      3647 |       3647 |               asyncio.subprocess
import time:      3652 |       3652 |               asyncio.taskgroups
import time:      1408 |       1408 |               asyncio.threads
import time:      2801 |       2801 |                 _overlapped
import time:      7531 |       7531 |                 asyncio.base_subprocess
import time:     11130 |      11130 |                 asyncio.proactor_events
import time:      1999 |       1999 |                   selectors
import time:     18443 |      20442 |                 asyncio.selector_events
import time:      4472 |       4472 |                 asyncio.windows_utils
import time:     12212 |      58586 |               asyncio.windows_events
import time:      2046 |     216646 |             asyncio
import time:      1604 |       1604 |               grpc._typing
import time:      1382 |       2985 |             grpc._observability
import time:      1543 |       1543 |             pkgutil
import time:     12229 |     233402 |           grpc._cython.cygrpc
import time:      1079 |     235428 |         grpc._compression
import time:      1053 |       1053 |         grpc._runtime_protos
import time:      1107 |       1107 |         grpc._grpcio_metadata
import time:       616 |        616 |         grpc_tools
import time:       369 |        369 |         grpc_health
import time:       324 |        324 |         grpc_reflection
import time:      2582 |       2582 |               typing_extensions
import time:      1128 |       3709 |             grpc.aio._metadata
import time:      1329 |       1329 |             grpc.aio._typing
import time:      1796 |       6834 |           grpc.aio._base_call
import time:      1415 |       1415 |           grpc.aio._base_channel
import time:      1126 |       1126 |           grpc.aio._base_server
import time:      2620 |       2620 |             grpc._common
import time:      2223 |       4843 |           grpc.aio._call
import time:       808 |        808 |               grpc.aio._utils
import time:      2006 |       2813 |             grpc.aio._interceptor
import time:      1896 |       4709 |           grpc.aio._channel
import time:      1263 |       1263 |           grpc.aio._server
import time:      1329 |      21516 |         grpc.aio
import time:      4724 |     265133 |       grpc
import time:      1483 |       1483 |           google.api_core._python_version_support
import time:      1462 |       2944 |         google.api_core._python_package_support
import time:       895 |        895 |         google.api_core.version
import time:      1151 |       1151 |           importlib.metadata._text
import time:      1575 |       2726 |         importlib.metadata._adapters
import time:       134 |        134 |           _csv
import time:      1354 |       1487 |         csv
import time:    273477 |     281527 |       google.api_core
import time:      2848 |       2848 |               _wmi
import time:      1575 |       4423 |             platform
import time:      1110 |       5533 |           google.api_core.client_info
import time:      1184 |       6716 |         google.api_core.gapic_v1.client_info
import time:      1355 |       1355 |             google.rpc.error_details_pb2
import time:      1272 |       1272 |             grpc_status
import time:       664 |        664 |               grpc_status._common
import time:       991 |        991 |                   grpc._simple_stubs
import time:      1003 |       1993 |                 grpc.experimental
import time:      1099 |       1099 |                 grpc.experimental.aio
import time:       727 |       3819 |               grpc_status._async
import time:      1353 |       5835 |             grpc_status.rpc_status
import time:      2219 |      10679 |           google.api_core.exceptions
import time:      2445 |       2445 |                 google.auth.version
import time:      1158 |       1158 |                   google.auth.environment_vars
import time:      1694 |       1694 |                   google.auth.exceptions
import time:      1304 |       1304 |                     google.auth.transport
import time:      1376 |       1376 |                     google.auth._helpers
import time:      1552 |       4232 |                   google.auth.transport._http_client
import time:      1730 |       8812 |                 google.auth._default
import time:      1580 |      12836 |               google.auth
import time:      1372 |      14208 |             google.api_core.retry.retry_base
import time:      1261 |       1261 |             google.api_core.retry.retry_unary
import time:       923 |        923 |             google.api_core.retry.retry_unary_async
import time:      1025 |       1025 |             google.api_core.retry.retry_streaming
import time:      1661 |       1661 |             google.api_core.retry.retry_streaming_async
import time:      2106 |       2106 |             google.api_core.datetime_helpers
import time:      1031 |      22212 |           google.api_core.retry
import time:      1122 |       1122 |           google.api_core.timeout
import time:      3890 |      37902 |         google.api_core.gapic_v1.config
import time:       744 |        744 |           google.api_core.retry_async
import time:       872 |       1616 |         google.api_core.gapic_v1.config_async
import time:       622 |        622 |               google.auth.metrics
import time:       798 |        798 |               google.auth._credentials_base
import time:       790 |        790 |               google.auth._refresh_worker
import time:      1226 |       3435 |             google.auth.credentials
import time:       693 |        693 |                 google.auth._agent_identity_utils
import time:      1226 |       1919 |               google.auth.transport._mtls_helper
import time:       995 |        995 |               google.oauth2
import time:      2621 |       2621 |                 google.auth._constants
import time:       992 |        992 |                     google.auth.crypt.base
import time:       958 |        958 |                           cryptography.__about__
import time:      1046 |       2004 |                         cryptography
import time:       801 |        801 |                             cryptography.hazmat
import time:      1000 |       1801 |                           cryptography.hazmat.bindings
import time:      3574 |       3574 |                           _cffi_backend
import time:      4610 |       9983 |                         cryptography.hazmat.bindings._rust
import time:       898 |      12885 |                       cryptography.exceptions
import time:      1506 |       1506 |                       cryptography.hazmat.backends
import time:       914 |        914 |                       cryptography.hazmat.primitives
import time:      1140 |       1140 |                         cryptography.utils
import time:      1497 |       2636 |                       cryptography.hazmat.primitives.hashes
import time:      1661 |       1661 |                         cryptography.hazmat.primitives._serialization
import time:      1098 |       1098 |                         cryptography.hazmat.primitives.serialization.base
import time:       908 |        908 |                           cryptography.hazmat.primitives.asymmetric
import time:       987 |        987 |                             cryptography.hazmat.primitives.asymmetric.utils
import time:      1851 |       2838 |                           cryptography.hazmat.primitives.asymmetric.dsa
import time:      1699 |       1699 |                             cryptography.hazmat._oid
import time:      3272 |       4971 |                           cryptography.hazmat.primitives.asymmetric.ec
import time:      1158 |       1158 |                           cryptography.hazmat.primitives.asymmetric.ed25519
import time:       745 |        745 |                             cryptography.hazmat.primitives._asymmetric
import time:       950 |        950 |                             cryptography.hazmat.primitives.asymmetric.rsa
import time:       994 |       2689 |                           cryptography.hazmat.primitives.asymmetric.padding
import time:       793 |        793 |                             cryptography.hazmat.primitives._cipheralgorithm
import time:      1226 |       1226 |                                       cryptography.hazmat.decrepit
import time:      1319 |       2545 |                                     cryptography.hazmat.decrepit.ciphers
import time:      3369 |       5913 |                                   cryptography.hazmat.decrepit.ciphers.algorithms
import time:      1779 |       7692 |                                 cryptography.hazmat.primitives.ciphers.algorithms
import time:      1186 |       8877 |                               cryptography.hazmat.primitives.ciphers.modes
import time:      1367 |      10243 |                             cryptography.hazmat.primitives.ciphers.base
import time:      1006 |      12041 |                           cryptography.hazmat.primitives.ciphers
import time:       573 |        573 |                           bcrypt
import time:      3328 |      28503 |                         cryptography.hazmat.primitives.serialization.ssh
import time:      1014 |      32275 |                       cryptography.hazmat.primitives.serialization
import time:      1592 |       1592 |                         cryptography.x509.certificate_transparency
import time:       662 |        662 |                               cryptography.x509.oid
import time:     11104 |      11766 |                             cryptography.x509.name
import time:      1326 |      13092 |                           cryptography.x509.general_name
import time:       895 |      13986 |                         cryptography.x509.verification
import time:      1214 |       1214 |                           cryptography.hazmat.primitives.asymmetric.ed448
import time:      1321 |       1321 |                           cryptography.hazmat.primitives.asymmetric.x448
import time:      1200 |       1200 |                           cryptography.hazmat.primitives.asymmetric.x25519
import time:       880 |        880 |                             cryptography.hazmat.primitives.asymmetric.dh
import time:      1072 |       1952 |                           cryptography.hazmat.primitives.asymmetric.types
import time:       986 |        986 |                             cryptography.hazmat.primitives.constant_time
import time:      5138 |       6123 |                           cryptography.x509.extensions
import time:      2086 |      13893 |                         cryptography.x509.base
import time:      1566 |      31036 |                       cryptography.x509
import time:       863 |        863 |                             cryptography.hazmat.bindings.openssl
import time:       781 |        781 |                               cryptography.hazmat.bindings.openssl._conditional
import time:      2486 |       3266 |                             cryptography.hazmat.bindings.openssl.binding
import time:      1613 |       5742 |                           cryptography.hazmat.backends.openssl.backend
import time:      1545 |       7286 |                         cryptography.hazmat.backends.openssl
import time:        30 |       7316 |                       cryptography.hazmat.backends.openssl.backend
import time:      1610 |      90176 |                     google.auth.crypt.es
import time:       909 |        909 |                     google.auth.crypt.es256
import time:       856 |        856 |                       google.auth.crypt._cryptography_rsa
import time:       951 |       1806 |                     google.auth.crypt.rsa
import time:      1102 |      94984 |                   google.auth.crypt
import time:      1421 |      96405 |                 google.auth._service_account_info
import time:       758 |        758 |                   google.auth._exponential_backoff
import time:       917 |       1674 |                 google.auth.iam
import time:       968 |        968 |                   google.auth._cache
import time:      3213 |       4180 |                 google.auth.jwt
import time:      1211 |       1211 |                 google.oauth2._client
import time:      1573 |     107661 |               google.oauth2.service_account
import time:       999 |     111573 |             google.auth.transport.grpc
import time:      1389 |       1389 |             google.auth.transport.requests
import time:       870 |        870 |             google.api_core.general_helpers
import time:      1392 |     118656 |           google.api_core.grpc_helpers
import time:       974 |     119630 |         google.api_core.gapic_v1.method
import time:      1474 |       1474 |           google.api_core.grpc_helpers_async
import time:      1001 |       2474 |         google.api_core.gapic_v1.method_async
import time:      1073 |       1073 |         google.api_core.gapic_v1.routing_header
import time:      1754 |     171163 |       google.api_core.gapic_v1
import time:      1283 |       1283 |       google.cloud._helpers
import time:      4122 |       4122 |         grpc._channel
import time:      1259 |       5381 |       google.cloud.exceptions
import time:      1371 |       1371 |       google.cloud.firestore_v1.transforms
import time:      1528 |       1528 |       google.cloud.firestore_v1.field_path
import time:       969 |        969 |       google.cloud.firestore_v1.vector
import time:      2349 |     730700 |     google.cloud.firestore_v1._helpers
import time:      1003 |       1003 |         google.cloud.firestore_v1.base_document
import time:      1113 |       2115 |       google.cloud.firestore_v1.base_batch
import time:      1426 |       3541 |     google.cloud.firestore_v1.async_batch
import time:       748 |        748 |             google.cloud.firestore_v1.batch
import time:      1036 |       1036 |             google.cloud.firestore_v1.base_transaction
import time:       644 |        644 |                   google.api_core.bidi_base
import time:      1084 |       1727 |                 google.api_core.bidi
import time:      1927 |       3654 |               google.cloud.firestore_v1.watch
import time:      3469 |       7122 |             google.cloud.firestore_v1.document
import time:      1964 |       1964 |                   google.cloud.firestore_v1.pipeline_expressions
import time:      1017 |       2980 |                 google.cloud.firestore_v1.base_aggregation
import time:      4679 |       4679 |                   google.cloud.firestore_v1.query_profile
import time:      2445 |       7124 |                 google.cloud.firestore_v1.query_results
import time:      1583 |       1583 |                 google.cloud.firestore_v1.stream_generator
import time:      1082 |      12768 |               google.cloud.firestore_v1.aggregation
import time:      1970 |       1970 |                 google.cloud.firestore_v1.base_vector_query
import time:      2226 |       2226 |                 google.cloud.firestore_v1.order
import time:      2503 |       6699 |               google.cloud.firestore_v1.base_query
import time:      1892 |       1892 |               google.cloud.firestore_v1.vector_query
import time:      1454 |      22811 |             google.cloud.firestore_v1.query
import time:      1136 |      32852 |           google.cloud.firestore_v1.transaction
import time:      1969 |       1969 |           google.cloud.firestore_v1.async_stream_generator
import time:      1059 |      35879 |         google.cloud.firestore_v1.async_aggregation
import time:      4234 |       4234 |           google.cloud.firestore_v1.async_vector_query
import time:      2056 |       6290 |         google.cloud.firestore_v1.async_query
import time:      2117 |       2117 |         google.cloud.firestore_v1.base_collection
import time:      1169 |      45453 |       google.cloud.firestore_v1.async_collection
import time:      1816 |       1816 |       google.cloud.firestore_v1.async_document
import time:      2294 |       2294 |         google.cloud.firestore_v1.pipeline_stages
import time:      1429 |       1429 |         google.cloud.firestore_v1.base_pipeline
import time:      2225 |       2225 |         google.cloud.firestore_v1.pipeline_result
import time:      1333 |       7280 |       google.cloud.firestore_v1.async_pipeline
import time:      5689 |       5689 |       google.cloud.firestore_v1.async_transaction
import time:      1236 |       1236 |         google.api_core.client_options
import time:      1582 |       1582 |         google.api_core.path_template
import time:      1012 |       1012 |           google.auth.api_key
import time:      1412 |       2424 |         google.cloud.client
import time:      1160 |       1160 |           google.cloud.firestore_v1.bulk_batch
import time:       896 |        896 |           google.cloud.firestore_v1.rate_limiter
import time:      6883 |       8939 |         google.cloud.firestore_v1.bulk_writer
import time:      1536 |       1536 |         google.cloud.firestore_v1.pipeline_source
import time:       961 |        961 |           google.cloud.firestore_v1.services
import time:       427 |        427 |             google.cloud.location
import time:      8040 |       8040 |               google.api
import time:       984 |        984 |                 google.api.http_pb2
import time:      1765 |       2749 |               google.api.annotations_pb2
import time:       829 |        829 |                 google.api.launch_stage_pb2
import time:      1700 |       2529 |               google.api.client_pb2
import time:      1372 |      14689 |             google.cloud.location.locations_pb2
import time:       515 |        515 |             google.longrunning
import time:       755 |        755 |                   google.protobuf.empty_pb2
import time:      1156 |       1156 |                   google.longrunning.operations_proto_pb2
import time:       775 |       2684 |                 google.longrunning.operations_pb2_grpc
import time:       732 |       3416 |               google.longrunning.operations_grpc_pb2
import time:      1020 |       4435 |             google.longrunning.operations_pb2
import time:      1319 |       1319 |             google.cloud.firestore_v1.services.firestore.pagers
import time:      1223 |       1223 |               google.auth.transport.mtls
import time:      1960 |       1960 |               google.api_core.client_logging
import time:      1290 |       1290 |                   google.cloud.firestore_v1.services.firestore.transports.base
import time:      1214 |       1214 |                   google.cloud.firestore_v1.services.firestore.transports.grpc
import time:      1316 |       1316 |                   google.cloud.firestore_v1.services.firestore.transports.grpc_asyncio
import time:       837 |        837 |                     google.api_core.rest_helpers
import time:       780 |        780 |                       google.api_core._rest_streaming_base
import time:       826 |       1606 |                     google.api_core.rest_streaming
import time:      1521 |       1521 |                     google.cloud.firestore_v1.services.firestore.transports.rest_base
import time:      2770 |       6733 |                   google.cloud.firestore_v1.services.firestore.transports.rest
import time:      1157 |      11708 |                 google.cloud.firestore_v1.services.firestore.transports
import time:        29 |      11736 |               google.cloud.firestore_v1.services.firestore.transports.base
import time:      3074 |      17991 |             google.cloud.firestore_v1.services.firestore.client
import time:      1821 |      41195 |           google.cloud.firestore_v1.services.firestore.async_client
import time:      1219 |      43373 |         google.cloud.firestore_v1.services.firestore
import time:      1770 |      60857 |       google.cloud.firestore_v1.base_client
import time:      1363 |     122456 |     google.cloud.firestore_v1.async_client
import time:      1277 |       1277 |       google.cloud.firestore_v1.collection
import time:       994 |        994 |       google.cloud.firestore_v1.pipeline
import time:      3680 |       5950 |     google.cloud.firestore_v1.client
import time:      1923 |    1012753 |   google.cloud.firestore_v1
import time:       484 |        484 |       google.events
import time:       549 |       1033 |     google.events.cloud
import time:       849 |        849 |     google.events.cloud.firestore.gapic_version
import time:       754 |        754 |           google.events.cloud.firestore_v1.gapic_version
import time:      2073 |       2073 |               google.events.cloud.firestore_v1.types.data
import time:       771 |       2843 |             google.events.cloud.firestore_v1.types
import time:        24 |       2867 |           google.events.cloud.firestore_v1.types.data
import time:       828 |       4448 |         google.events.cloud.firestore_v1
import time:        14 |       4462 |       google.events.cloud.firestore_v1.types
import time:        25 |       4487 |     google.events.cloud.firestore_v1.types.data
import time:      1120 |       7488 |   google.events.cloud.firestore
import time:      2614 |       2614 |         google.auth._cloud_sdk
import time:       388 |        388 |               termios
import time:       982 |       1370 |             getpass
import time:      3718 |       3718 |                 google.oauth2.webauthn_types
import time:       884 |       4602 |               google.oauth2.webauthn_handler
import time:       752 |       5353 |             google.oauth2.webauthn_handler_factory
import time:      1097 |       7819 |           google.oauth2.challenges
import time:       978 |       8796 |         google.oauth2.reauth
import time:      1269 |      12679 |       google.oauth2.credentials
import time:      1435 |      14113 |     firebase_admin.credentials
import time:       877 |        877 |     firebase_admin.__about__
import time:      1431 |      16420 |   firebase_admin
import time:      2168 |       2168 |     firebase_functions.logger
import time:      5105 |       7273 |   firebase_functions.core
import time:      1725 |       1725 |     firebase_functions.private
import time:      2246 |       3971 |   firebase_functions.private.path_pattern
import time:      1593 |       1593 |             jwt.exceptions
import time:      1757 |       1757 |             jwt.types
import time:      4166 |       4166 |             jwt.utils
import time:      1966 |       9480 |           jwt.algorithms
import time:      1208 |      10688 |         jwt.api_jwk
import time:      1343 |       1343 |           jwt.warnings
import time:      1825 |       3168 |         jwt.api_jws
import time:      1355 |       1355 |         jwt.api_jwt
import time:      1366 |       1366 |           jwt.jwk_set_cache
import time:      1907 |       3272 |         jwt.jwks_client
import time:      1204 |      19686 |       jwt
import time:      1074 |       1074 |           httpx.__version__
import time:      1795 |       1795 |                 httpx._exceptions
import time:      1841 |       1841 |                       httpx._types
import time:      1543 |       1543 |                       httpx._utils
import time:      1742 |       5126 |                     httpx._multipart
import time:      1222 |       6348 |                   httpx._content
import time:       531 |        531 |                     brotli
import time:       365 |        365 |                     brotlicffi
import time:       364 |        364 |                     zstandard
import time:      4252 |       5510 |                   httpx._decoders
import time:      1951 |       1951 |                   httpx._status_codes
import time:      3365 |       3365 |                     httpx._urlparse
import time:      1721 |       5085 |                   httpx._urls
import time:      1966 |      20858 |                 httpx._models
import time:      1903 |      24555 |               httpx._auth
import time:      1213 |       1213 |               httpx._config
import time:      1456 |       1456 |                     httpx._transports.base
import time:      3876 |       5332 |                   httpx._transports.asgi
import time:      1888 |       1888 |                   httpx._transports.default
import time:      1288 |       1288 |                   httpx._transports.mock
import time:      1188 |       1188 |                   httpx._transports.wsgi
import time:      1571 |      11265 |                 httpx._transports
import time:        52 |      11317 |               httpx._transports.base
import time:      2893 |      39977 |             httpx._client
import time:      3880 |      43857 |           httpx._api
import time:      1139 |       1139 |                 gettext
import time:      2209 |       2209 |                         sysconfig
import time:      3119 |       3119 |                         _ctypes
import time:      1262 |       1262 |                         ctypes._endian
import time:      2168 |       8756 |                       ctypes
import time:      1757 |       1757 |                         ctypes._layout
import time:      2559 |       4315 |                       ctypes.wintypes
import time:      2045 |      15116 |                     click._winconsole
import time:      2470 |      17585 |                   click._compat
import time:       831 |        831 |                     click.globals
import time:      1100 |       1100 |                     click.utils
import time:      1713 |       3643 |                   click.exceptions
import time:      4142 |      25369 |                 click.types
import time:      1324 |       1324 |                 click._utils
import time:      1080 |       1080 |                   click.parser
import time:      1164 |       2244 |                 click.formatting
import time:      1053 |       1053 |                 click.termui
import time:      2681 |      33808 |               click.core
import time:      1203 |       1203 |               click.decorators
import time:      1498 |      36508 |             click
import time:       468 |        468 |               pygments
import time:        51 |        519 |             pygments.lexers
import time:      1250 |      38276 |           httpx._main
import time:      1602 |      84806 |         httpx
import time:      1048 |       1048 |         firebase_admin.exceptions
import time:      1160 |      87014 |       firebase_admin._utils
import time:      1068 |     107767 |     firebase_admin.app_check
import time:      1204 |       1204 |           firebase_admin._auth_utils
import time:       766 |        766 |             firebase_admin._rfc3339
import time:       860 |        860 |             firebase_admin._user_identifier
import time:      1016 |       1016 |             firebase_admin._user_import
import time:      1435 |       4075 |           firebase_admin._user_mgt
import time:      1070 |       6349 |         firebase_admin._auth_providers
import time:       896 |        896 |           firebase_admin._retry
import time:      1128 |       2023 |         firebase_admin._http_client
import time:      3115 |       3115 |               cachecontrol.cache
import time:      1343 |       1343 |                     msgpack.exceptions
import time:      1332 |       1332 |                     msgpack.ext
import time:      1929 |       1929 |                     msgpack._cmsgpack
import time:      1425 |       6027 |                   msgpack
import time:       998 |       7025 |                 cachecontrol.serialize
import time:      1858 |       8882 |               cachecontrol.controller
import time:       115 |        115 |                 mmap
import time:      1103 |       1218 |               cachecontrol.filewrapper
import time:      1072 |      14286 |             cachecontrol.adapter
import time:      1279 |       1279 |             cachecontrol.wrapper
import time:      2529 |      18094 |           cachecontrol
import time:      1235 |       1235 |           google.oauth2.id_token
import time:      1901 |      21228 |         firebase_admin._token_gen
import time:      1578 |      31177 |       firebase_admin._auth_client
import time:      4097 |      35274 |     firebase_admin.auth
import time:      1290 |       1290 |                 socketserver
import time:      1968 |       1968 |                     html.entities
import time:      1369 |       3337 |                   html
import time:     18610 |      21946 |                 http.server
import time:      4083 |       4083 |                 werkzeug._internal
import time:      1703 |       1703 |                     markupsafe._speedups
import time:      1621 |       3324 |                   markupsafe
import time:      2200 |       5523 |                 werkzeug.exceptions
import time:      1098 |       1098 |                         werkzeug.datastructures.mixins
import time:      2443 |       3541 |                       werkzeug.datastructures.structures
import time:      2007 |       5547 |                     werkzeug.datastructures.accept
import time:      2269 |       2269 |                     werkzeug.datastructures.auth
import time:      1787 |       1787 |                     werkzeug.datastructures.cache_control
import time:      1216 |       1216 |                     werkzeug.datastructures.csp
import time:      1107 |       1107 |                     werkzeug.datastructures.etag
import time:      1396 |       1396 |                       werkzeug.datastructures.headers
import time:      1352 |       2747 |                     werkzeug.datastructures.file_storage
import time:      1471 |       1471 |                     werkzeug.datastructures.range
import time:      1202 |      17344 |                   werkzeug.datastructures
import time:       947 |        947 |                   werkzeug.sansio
import time:      1414 |       1414 |                   werkzeug.sansio.http
import time:      2839 |      22542 |                 werkzeug.http
import time:      2774 |       2774 |                 werkzeug.urls
import time:      1247 |       1247 |                       colorama.ansi
import time:      1164 |       1164 |                         colorama.win32
import time:      1150 |       2314 |                       colorama.winterm
import time:      1373 |       4933 |                     colorama.ansitowin32
import time:      1729 |       6661 |                   colorama.initialise
import time:      2391 |       9052 |                 colorama
import time:      2181 |      69388 |               werkzeug.serving
import time:      8732 |       8732 |                 werkzeug.sansio.multipart
import time:      1416 |       1416 |                     secrets
import time:       899 |       2314 |                   werkzeug.security
import time:      1187 |       1187 |                     werkzeug.sansio.utils
import time:      1268 |       2455 |                   werkzeug.wsgi
import time:      2162 |       6929 |                 werkzeug.utils
import time:       871 |        871 |                       werkzeug.formparser
import time:      3237 |       3237 |                         werkzeug.user_agent
import time:      1820 |       5056 |                       werkzeug.sansio.request
import time:      1369 |       7295 |                     werkzeug.wrappers.request
import time:      1262 |       1262 |                       werkzeug.sansio.response
import time:      1722 |       2983 |                     werkzeug.wrappers.response
import time:      1158 |      11435 |                   werkzeug.wrappers
import time:        58 |      11492 |                 werkzeug.wrappers.request
import time:      2774 |      29926 |               werkzeug.test
import time:      1030 |     100344 |             werkzeug
import time:      2530 |     102874 |           werkzeug.local
import time:       890 |     103763 |         flask.globals
import time:      2929 |       2929 |             _decimal
import time:      1007 |       3936 |           decimal
import time:      1428 |       5364 |         flask.json.provider
import time:      1410 |     110536 |       flask.json
import time:      1530 |       1530 |           werkzeug.routing.converters
import time:     15047 |      15047 |             difflib
import time:      1243 |      16289 |           werkzeug.routing.exceptions
import time:      8129 |       8129 |             pprint
import time:      4383 |       4383 |               werkzeug.routing.rules
import time:      2084 |       6466 |             werkzeug.routing.matcher
import time:      1512 |      16107 |           werkzeug.routing.map
import time:      1849 |      35774 |         werkzeug.routing
import time:       663 |        663 |                   blinker._utilities
import time:      1207 |       1869 |                 blinker.base
import time:       952 |       2821 |               blinker
import time:       698 |       3519 |             flask.signals
import time:      1026 |       4545 |           flask.helpers
import time:      3307 |       7851 |         flask.cli
import time:      1833 |       1833 |         flask.typing
import time:      3040 |       3040 |         flask.ctx
import time:       651 |        651 |           flask.sansio
import time:      1032 |       1032 |           flask.config
import time:       893 |        893 |           flask.logging
import time:      1119 |       1119 |               jinja2.bccache
import time:      2493 |       2493 |                   jinja2.utils
import time:      2997 |       5489 |                 jinja2.nodes
import time:      1119 |       1119 |                   jinja2.exceptions
import time:      1893 |       1893 |                     jinja2.visitor
import time:      4681 |       6574 |                   jinja2.idtracking
import time:      1175 |       1175 |                   jinja2.optimizer
import time:      3200 |      12067 |                 jinja2.compiler
import time:      1515 |       1515 |                     jinja2.async_utils
import time:     11967 |      11967 |                     jinja2.runtime
import time:      7675 |      21157 |                   jinja2.filters
import time:      1552 |       1552 |                   jinja2.tests
import time:      1438 |      24146 |                 jinja2.defaults
import time:      2553 |       2553 |                   jinja2._identifier
import time:      4160 |       6713 |                 jinja2.lexer
import time:      2059 |       2059 |                 jinja2.parser
import time:      3811 |      54283 |               jinja2.environment
import time:      1990 |       1990 |               jinja2.loaders
import time:      1206 |      58596 |             jinja2
import time:       925 |      59521 |           flask.templating
import time:      3996 |       3996 |           flask.sansio.scaffold
import time:      1872 |      67962 |         flask.sansio.app
import time:      1270 |       1270 |               itsdangerous.exc
import time:      1669 |       2938 |             itsdangerous.encoding
import time:      1348 |       1348 |               itsdangerous.signer
import time:      1575 |       2923 |             itsdangerous.serializer
import time:      1394 |       1394 |             itsdangerous.timed
import time:       891 |        891 |               itsdangerous._json
import time:      2045 |       2935 |             itsdangerous.url_safe
import time:      1908 |      12095 |           itsdangerous
import time:      2570 |       2570 |           flask.json.tag
import time:      2213 |      16877 |         flask.sessions
import time:      1282 |       1282 |         flask.wrappers
import time:      4981 |     139598 |       flask.app
import time:      1800 |       1800 |         flask.sansio.blueprints
import time:      1404 |       3204 |       flask.blueprints
import time:      3180 |     256517 |     flask
import time:      1485 |       1485 |         logging.handlers
import time:      2746 |       4231 |       logging.config
import time:      3374 |       3374 |         functions_framework.exceptions
import time:      2026 |       5399 |       functions_framework._function_registry
import time:      1375 |       1375 |       functions_framework._typed_event
import time:       989 |        989 |         functions_framework.background_event
import time:      1128 |       1128 |           google.cloud.functions
import time:       934 |        934 |             google.cloud.functions_v1
import time:      1370 |       2303 |           google.cloud.functions_v1.context
import time:      1430 |       4861 |         google.cloud.functions.context
import time:      2232 |       8081 |       functions_framework.event_conversion
import time:      1554 |       1554 |       functions_framework.execution_id
import time:      2001 |      22639 |     functions_framework
import time:      5340 |     427534 |   firebase_functions.private.util
import time:        71 |         71 |         _sysconfig
import time:      4084 |       4155 |       zoneinfo._tzpath
import time:      3237 |       3237 |       zoneinfo._common
import time:      2219 |       2219 |       _zoneinfo
import time:      1648 |      11257 |     zoneinfo
import time:     13289 |      13289 |       firebase_functions.params
import time:     10180 |      23469 |     firebase_functions.private.manifest
import time:     34844 |      69569 |   firebase_functions.options
import time:      8067 |    1601451 | firebase_functions.firestore_fn
import time:      2472 |       2472 | firebase_functions.scheduler_fn
import time:      1210 |       1210 |       flask_cors.core
import time:      1442 |       2651 |     flask_cors.decorator
import time:      1797 |       1797 |     flask_cors.extension
import time:      1359 |       1359 |     flask_cors.version
import time:      4556 |      10361 |   flask_cors
import time:      6527 |      16888 | firebase_functions.https_fn
import time:      1089 |       1089 |   google.cloud.firestore
import time:      3577 |       4665 | firebase_admin.firestore
import time:      1392 |       1392 |   pytz.exceptions
import time:      1260 |       1260 |   pytz.lazy
import time:      1412 |       1412 |   pytz.tzinfo
import time:       940 |        940 |   pytz.tzfile
import time:      3207 |       8209 | pytz
